1848 [main] INFO  org.testng.internal.Utils -- [TestNG] Running:
  C:\Users\mdsai\eclipse-workspace\testPlace\E2E_Automation_withGrids\testng.xml

4140 [TestNG-test-Verify Ultimate QA Site-1] INFO  com.autogrid.utils.ResourceLoader -- The data is read from location: src/test/resources/test-data/flight-cust-reg-data/cust-data.json
4453 [TestNG-test-Verify Ultimate QA Site-1] INFO  com.autogrid.hooks.Hooks -- Test Data has been Loaded from: src/test/resources/test-data/flight-cust-reg-data/cust-data.json
4456 [TestNG-test-Verify Ultimate QA Site-1] INFO  c.a.steps.FlightRegistrationPage -- Setting up the WebDriver
4457 [TestNG-test-Verify Ultimate QA Site-1] INFO  com.autogrid.utils.ResourceLoader -- The data is read from location: config/project.properties
4458 [TestNG-test-Verify Ultimate QA Site-1] INFO  com.autogrid.utils.Config -- Test properties are:
4458 [TestNG-test-Verify Ultimate QA Site-1] INFO  com.autogrid.utils.Config -- ---------------------------------
4458 [TestNG-test-Verify Ultimate QA Site-1] INFO  com.autogrid.utils.Config -- selenium.grid.urlFormat=http://localhost:4444/wd/hub
4458 [TestNG-test-Verify Ultimate QA Site-1] INFO  com.autogrid.utils.Config -- browser=Chrome
4458 [TestNG-test-Verify Ultimate QA Site-1] INFO  com.autogrid.utils.Config -- selenium.grid.enabled=false
4458 [TestNG-test-Verify Ultimate QA Site-1] INFO  com.autogrid.utils.Config -- flightReservation.url=https://d1uh9e7cu07ukd.cloudfront.net/selenium-docker/reservation-app/index.html
4459 [TestNG-test-Verify Ultimate QA Site-1] INFO  com.autogrid.utils.Config -- selenium.grid.hubHost=localhost
4459 [TestNG-test-Verify Ultimate QA Site-1] INFO  com.autogrid.utils.Config -- ---------------------------------
4491 [TestNG-test-Verify Ultimate QA Site-1] INFO  c.a.steps.FlightRegistrationPage -- Initializing WebDriver & launching Chrome Locally
27557 [TestNG-test-Verify Ultimate QA Site-1] INFO  c.a.steps.FlightRegistrationPage -- Launching site: https://d1uh9e7cu07ukd.cloudfront.net/selenium-docker/reservation-app/index.html
31354 [TestNG-test-Verify Ultimate QA Site-1] INFO  c.a.steps.FlightRegistrationPage -- Site Logo is Displayed
31388 [TestNG-test-Verify Ultimate QA Site-1] INFO  c.a.steps.FlightRegistrationPage -- Site Header is Present
31416 [TestNG-test-Verify Ultimate QA Site-1] INFO  c.a.steps.FlightRegistrationPage -- Site Description is Present
31416 [TestNG-test-Verify Ultimate QA Site-1] INFO  c.a.steps.FlightRegistrationPage -- Tearing down the WebDriver.
33658 [TestNG-test-Verify Ultimate QA Site-1] INFO  c.a.steps.FlightRegistrationPage -- WebDriver closed successfully.
33677 [TestNG-test-Verify Ultimate QA Site-1] INFO  c.a.steps.FlightRegistrationPage -- WebDriver Killed successfully on win.
33701 [TestNG-test-Verify Ultimate QA Site-1] INFO  com.autogrid.utils.ResourceLoader -- The data is read from location: src/test/resources/test-data/flight-cust-reg-data/cust-data.json
33702 [TestNG-test-Verify Ultimate QA Site-1] INFO  com.autogrid.hooks.Hooks -- Test Data has been Loaded from: src/test/resources/test-data/flight-cust-reg-data/cust-data.json
33703 [TestNG-test-Verify Ultimate QA Site-1] INFO  c.a.steps.FlightRegistrationPage -- Setting up the WebDriver
33703 [TestNG-test-Verify Ultimate QA Site-1] INFO  com.autogrid.utils.ResourceLoader -- The data is read from location: config/project.properties
33704 [TestNG-test-Verify Ultimate QA Site-1] INFO  com.autogrid.utils.Config -- Test properties are:
33704 [TestNG-test-Verify Ultimate QA Site-1] INFO  com.autogrid.utils.Config -- ---------------------------------
33704 [TestNG-test-Verify Ultimate QA Site-1] INFO  com.autogrid.utils.Config -- selenium.grid.urlFormat=http://localhost:4444/wd/hub
33704 [TestNG-test-Verify Ultimate QA Site-1] INFO  com.autogrid.utils.Config -- browser=Chrome
33705 [TestNG-test-Verify Ultimate QA Site-1] INFO  com.autogrid.utils.Config -- selenium.grid.enabled=false
33705 [TestNG-test-Verify Ultimate QA Site-1] INFO  com.autogrid.utils.Config -- flightReservation.url=https://d1uh9e7cu07ukd.cloudfront.net/selenium-docker/reservation-app/index.html
33705 [TestNG-test-Verify Ultimate QA Site-1] INFO  com.autogrid.utils.Config -- selenium.grid.hubHost=localhost
33705 [TestNG-test-Verify Ultimate QA Site-1] INFO  com.autogrid.utils.Config -- ---------------------------------
33705 [TestNG-test-Verify Ultimate QA Site-1] INFO  c.a.steps.FlightRegistrationPage -- Initializing WebDriver & launching Chrome Locally
36534 [TestNG-test-Verify Ultimate QA Site-1] INFO  c.a.steps.FlightRegistrationPage -- Launching site: https://d1uh9e7cu07ukd.cloudfront.net/selenium-docker/reservation-app/index.html
48144 [TestNG-test-Verify Ultimate QA Site-1] INFO  c.a.steps.FlightRegistrationPage -- Customer First & Last Name has been provided
48615 [TestNG-test-Verify Ultimate QA Site-1] INFO  c.a.steps.FlightRegistrationPage -- Customer Email & Pwd has been taken
49862 [TestNG-test-Verify Ultimate QA Site-1] INFO  c.a.steps.FlightRegistrationPage -- Customer Address has been Entered
49946 [TestNG-test-Verify Ultimate QA Site-1] INFO  c.a.steps.FlightRegistrationPage -- Customer Registration Completed
49946 [TestNG-test-Verify Ultimate QA Site-1] INFO  c.a.steps.FlightRegistrationPage -- Tearing down the WebDriver.
51710 [TestNG-test-Verify Ultimate QA Site-1] INFO  c.a.steps.FlightRegistrationPage -- WebDriver closed successfully.
51723 [TestNG-test-Verify Ultimate QA Site-1] INFO  c.a.steps.FlightRegistrationPage -- WebDriver Killed successfully on win.
873  [main] INFO  org.testng.internal.Utils -- [TestNG] Running:
  C:\Users\mdsai\eclipse-workspace\testPlace\E2E_Automation_withGrids\testng.xml

1997 [TestNG-test-Verify Ultimate QA Site-1] INFO  com.autogrid.utils.ResourceLoader -- The data is read from location: src/test/resources/test-data/flight-cust-reg-data/cust-data.json
2062 [TestNG-test-Verify Ultimate QA Site-1] INFO  com.autogrid.hooks.Hooks -- Test Data has been Loaded from: src/test/resources/test-data/flight-cust-reg-data/cust-data.json
2064 [TestNG-test-Verify Ultimate QA Site-1] INFO  c.a.steps.FlightRegistrationPage -- Setting up the WebDriver
2065 [TestNG-test-Verify Ultimate QA Site-1] INFO  com.autogrid.utils.ResourceLoader -- The data is read from location: config/project.properties
2066 [TestNG-test-Verify Ultimate QA Site-1] INFO  com.autogrid.utils.Config -- Test properties are:
2066 [TestNG-test-Verify Ultimate QA Site-1] INFO  com.autogrid.utils.Config -- ---------------------------------
2066 [TestNG-test-Verify Ultimate QA Site-1] INFO  com.autogrid.utils.Config -- selenium.grid.urlFormat=http://localhost:4444/wd/hub
2066 [TestNG-test-Verify Ultimate QA Site-1] INFO  com.autogrid.utils.Config -- browser=Chrome
2067 [TestNG-test-Verify Ultimate QA Site-1] INFO  com.autogrid.utils.Config -- selenium.grid.enabled=false
2067 [TestNG-test-Verify Ultimate QA Site-1] INFO  com.autogrid.utils.Config -- flightReservation.url=https://d1uh9e7cu07ukd.cloudfront.net/selenium-docker/reservation-app/index.html
2067 [TestNG-test-Verify Ultimate QA Site-1] INFO  com.autogrid.utils.Config -- selenium.grid.hubHost=localhost
2067 [TestNG-test-Verify Ultimate QA Site-1] INFO  com.autogrid.utils.Config -- ---------------------------------
2072 [TestNG-test-Verify Ultimate QA Site-1] INFO  c.a.steps.FlightRegistrationPage -- Initializing WebDriver & launching Chrome Locally
5686 [TestNG-test-Verify Ultimate QA Site-1] INFO  c.a.steps.FlightRegistrationPage -- Launching site: https://d1uh9e7cu07ukd.cloudfront.net/selenium-docker/reservation-app/index.html
12733 [TestNG-test-Verify Ultimate QA Site-1] INFO  c.a.steps.FlightRegistrationPage -- Site Logo is Displayed
12767 [TestNG-test-Verify Ultimate QA Site-1] INFO  c.a.steps.FlightRegistrationPage -- Site Header is Present
12795 [TestNG-test-Verify Ultimate QA Site-1] INFO  c.a.steps.FlightRegistrationPage -- Site Description is Present
12795 [TestNG-test-Verify Ultimate QA Site-1] INFO  c.a.steps.FlightRegistrationPage -- Tearing down the WebDriver.
14845 [TestNG-test-Verify Ultimate QA Site-1] INFO  c.a.steps.FlightRegistrationPage -- WebDriver closed successfully.
14845 [TestNG-test-Verify Ultimate QA Site-1] INFO  c.a.steps.FlightRegistrationPage -- WebDriver Killed successfully on win.
14861 [TestNG-test-Verify Ultimate QA Site-1] INFO  com.autogrid.utils.ResourceLoader -- The data is read from location: src/test/resources/test-data/flight-cust-reg-data/cust-data.json
14872 [TestNG-test-Verify Ultimate QA Site-1] INFO  com.autogrid.hooks.Hooks -- Test Data has been Loaded from: src/test/resources/test-data/flight-cust-reg-data/cust-data.json
14873 [TestNG-test-Verify Ultimate QA Site-1] INFO  c.a.steps.FlightRegistrationPage -- Setting up the WebDriver
14873 [TestNG-test-Verify Ultimate QA Site-1] INFO  com.autogrid.utils.ResourceLoader -- The data is read from location: config/project.properties
14873 [TestNG-test-Verify Ultimate QA Site-1] INFO  com.autogrid.utils.Config -- Test properties are:
14873 [TestNG-test-Verify Ultimate QA Site-1] INFO  com.autogrid.utils.Config -- ---------------------------------
14873 [TestNG-test-Verify Ultimate QA Site-1] INFO  com.autogrid.utils.Config -- selenium.grid.urlFormat=http://localhost:4444/wd/hub
14873 [TestNG-test-Verify Ultimate QA Site-1] INFO  com.autogrid.utils.Config -- browser=Chrome
14873 [TestNG-test-Verify Ultimate QA Site-1] INFO  com.autogrid.utils.Config -- selenium.grid.enabled=false
14873 [TestNG-test-Verify Ultimate QA Site-1] INFO  com.autogrid.utils.Config -- flightReservation.url=https://d1uh9e7cu07ukd.cloudfront.net/selenium-docker/reservation-app/index.html
14873 [TestNG-test-Verify Ultimate QA Site-1] INFO  com.autogrid.utils.Config -- selenium.grid.hubHost=localhost
14873 [TestNG-test-Verify Ultimate QA Site-1] INFO  com.autogrid.utils.Config -- ---------------------------------
14873 [TestNG-test-Verify Ultimate QA Site-1] INFO  c.a.steps.FlightRegistrationPage -- Initializing WebDriver & launching Chrome Locally
16558 [TestNG-test-Verify Ultimate QA Site-1] INFO  c.a.steps.FlightRegistrationPage -- Launching site: https://d1uh9e7cu07ukd.cloudfront.net/selenium-docker/reservation-app/index.html
23219 [TestNG-test-Verify Ultimate QA Site-1] INFO  c.a.steps.FlightRegistrationPage -- Customer First & Last Name has been provided
23617 [TestNG-test-Verify Ultimate QA Site-1] INFO  c.a.steps.FlightRegistrationPage -- Customer Email & Pwd has been taken
24534 [TestNG-test-Verify Ultimate QA Site-1] INFO  c.a.steps.FlightRegistrationPage -- Customer Address has been Entered
24591 [TestNG-test-Verify Ultimate QA Site-1] INFO  c.a.steps.FlightRegistrationPage -- Customer Registration Completed
24591 [TestNG-test-Verify Ultimate QA Site-1] INFO  c.a.steps.FlightRegistrationPage -- Tearing down the WebDriver.
25992 [TestNG-test-Verify Ultimate QA Site-1] INFO  c.a.steps.FlightRegistrationPage -- WebDriver closed successfully.
26008 [TestNG-test-Verify Ultimate QA Site-1] INFO  c.a.steps.FlightRegistrationPage -- WebDriver Killed successfully on win.
1004 [main] INFO  org.testng.internal.Utils -- [TestNG] Running:
  C:\Users\mdsai\eclipse-workspace\testPlace\E2E_Automation_withGrids\testng.xml

4152 [TestNG-test-Verify Ultimate QA Site-1] INFO  com.autogrid.utils.ResourceLoader -- The data is read from location: src/test/resources/test-data/flight-cust-reg-data/cust-data.json
4231 [TestNG-test-Verify Ultimate QA Site-1] INFO  com.autogrid.hooks.Hooks -- Test Data has been Loaded from: src/test/resources/test-data/flight-cust-reg-data/cust-data.json
14431 [TestNG-test-Verify Ultimate QA Site-1] INFO  c.a.steps.FlightRegistrationPage -- Setting up the WebDriver
14431 [TestNG-test-Verify Ultimate QA Site-1] INFO  com.autogrid.utils.ResourceLoader -- The data is read from location: config/project.properties
14432 [TestNG-test-Verify Ultimate QA Site-1] INFO  com.autogrid.utils.Config -- Test properties are:
14432 [TestNG-test-Verify Ultimate QA Site-1] INFO  com.autogrid.utils.Config -- ---------------------------------
14432 [TestNG-test-Verify Ultimate QA Site-1] INFO  com.autogrid.utils.Config -- selenium.grid.urlFormat=http://localhost:4444/wd/hub
14432 [TestNG-test-Verify Ultimate QA Site-1] INFO  com.autogrid.utils.Config -- browser=Chrome
14433 [TestNG-test-Verify Ultimate QA Site-1] INFO  com.autogrid.utils.Config -- selenium.grid.enabled=false
14433 [TestNG-test-Verify Ultimate QA Site-1] INFO  com.autogrid.utils.Config -- flightReservation.url=https://d1uh9e7cu07ukd.cloudfront.net/selenium-docker/reservation-app/index.html
14433 [TestNG-test-Verify Ultimate QA Site-1] INFO  com.autogrid.utils.Config -- selenium.grid.hubHost=localhost
14433 [TestNG-test-Verify Ultimate QA Site-1] INFO  com.autogrid.utils.Config -- ---------------------------------
14441 [TestNG-test-Verify Ultimate QA Site-1] INFO  c.a.steps.FlightRegistrationPage -- Initializing WebDriver & launching Chrome Locally
37163 [TestNG-test-Verify Ultimate QA Site-1] INFO  c.a.steps.FlightRegistrationPage -- Launching site: https://d1uh9e7cu07ukd.cloudfront.net/selenium-docker/reservation-app/index.html
38197 [TestNG-test-Verify Ultimate QA Site-1] INFO  c.a.steps.FlightRegistrationPage -- Site Logo is Displayed
38233 [TestNG-test-Verify Ultimate QA Site-1] INFO  c.a.steps.FlightRegistrationPage -- Site Header is Present
38261 [TestNG-test-Verify Ultimate QA Site-1] INFO  c.a.steps.FlightRegistrationPage -- Site Description is Present
38261 [TestNG-test-Verify Ultimate QA Site-1] INFO  c.a.steps.FlightRegistrationPage -- Tearing down the WebDriver.
39253 [TestNG-test-Verify Ultimate QA Site-1] INFO  c.a.steps.FlightRegistrationPage -- WebDriver closed successfully.
39286 [TestNG-test-Verify Ultimate QA Site-1] INFO  c.a.steps.FlightRegistrationPage -- WebDriver Killed successfully on win.
39345 [TestNG-test-Verify Ultimate QA Site-1] INFO  com.autogrid.utils.ResourceLoader -- The data is read from location: src/test/resources/test-data/flight-cust-reg-data/cust-data.json
39347 [TestNG-test-Verify Ultimate QA Site-1] INFO  com.autogrid.hooks.Hooks -- Test Data has been Loaded from: src/test/resources/test-data/flight-cust-reg-data/cust-data.json
42328 [TestNG-test-Verify Ultimate QA Site-1] INFO  c.a.steps.FlightRegistrationPage -- Setting up the WebDriver
42329 [TestNG-test-Verify Ultimate QA Site-1] INFO  com.autogrid.utils.ResourceLoader -- The data is read from location: config/project.properties
42333 [TestNG-test-Verify Ultimate QA Site-1] INFO  com.autogrid.utils.Config -- Test properties are:
42334 [TestNG-test-Verify Ultimate QA Site-1] INFO  com.autogrid.utils.Config -- ---------------------------------
42335 [TestNG-test-Verify Ultimate QA Site-1] INFO  com.autogrid.utils.Config -- selenium.grid.urlFormat=http://localhost:4444/wd/hub
42336 [TestNG-test-Verify Ultimate QA Site-1] INFO  com.autogrid.utils.Config -- browser=Chrome
42337 [TestNG-test-Verify Ultimate QA Site-1] INFO  com.autogrid.utils.Config -- selenium.grid.enabled=false
42337 [TestNG-test-Verify Ultimate QA Site-1] INFO  com.autogrid.utils.Config -- flightReservation.url=https://d1uh9e7cu07ukd.cloudfront.net/selenium-docker/reservation-app/index.html
42338 [TestNG-test-Verify Ultimate QA Site-1] INFO  com.autogrid.utils.Config -- selenium.grid.hubHost=localhost
42338 [TestNG-test-Verify Ultimate QA Site-1] INFO  com.autogrid.utils.Config -- ---------------------------------
42339 [TestNG-test-Verify Ultimate QA Site-1] INFO  c.a.steps.FlightRegistrationPage -- Initializing WebDriver & launching Chrome Locally
51743 [TestNG-test-Verify Ultimate QA Site-1] INFO  c.a.steps.FlightRegistrationPage -- Launching site: https://d1uh9e7cu07ukd.cloudfront.net/selenium-docker/reservation-app/index.html
53531 [TestNG-test-Verify Ultimate QA Site-1] INFO  c.a.steps.FlightRegistrationPage -- Customer First & Last Name has been provided
53784 [TestNG-test-Verify Ultimate QA Site-1] INFO  c.a.steps.FlightRegistrationPage -- Customer Email & Pwd has been taken
54617 [TestNG-test-Verify Ultimate QA Site-1] INFO  c.a.steps.FlightRegistrationPage -- Customer Address has been Entered
54674 [TestNG-test-Verify Ultimate QA Site-1] INFO  c.a.steps.FlightRegistrationPage -- Customer Registration Completed
54674 [TestNG-test-Verify Ultimate QA Site-1] INFO  c.a.steps.FlightRegistrationPage -- Tearing down the WebDriver.
55101 [TestNG-test-Verify Ultimate QA Site-1] INFO  c.a.steps.FlightRegistrationPage -- WebDriver closed successfully.
55122 [TestNG-test-Verify Ultimate QA Site-1] INFO  c.a.steps.FlightRegistrationPage -- WebDriver Killed successfully on win.
834  [main] INFO  org.testng.internal.Utils -- [TestNG] Running:
  C:\Users\mdsai\eclipse-workspace\testPlace\E2E_Automation_withGrids\testng.xml

1964 [TestNG-test-Verify Ultimate QA Site-1] INFO  com.autogrid.utils.ResourceLoader -- The data is read from location: src/test/resources/test-data/flight-cust-reg-data/cust-data.json
2029 [TestNG-test-Verify Ultimate QA Site-1] INFO  com.autogrid.hooks.Hooks -- Test Data has been Loaded from: src/test/resources/test-data/flight-cust-reg-data/cust-data.json
2030 [TestNG-test-Verify Ultimate QA Site-1] INFO  c.a.steps.FlightRegistrationPage -- Setting up the WebDriver
2032 [TestNG-test-Verify Ultimate QA Site-1] INFO  com.autogrid.utils.ResourceLoader -- The data is read from location: config/project.properties
2033 [TestNG-test-Verify Ultimate QA Site-1] INFO  com.autogrid.utils.Config -- Test properties are:
2033 [TestNG-test-Verify Ultimate QA Site-1] INFO  com.autogrid.utils.Config -- ---------------------------------
2033 [TestNG-test-Verify Ultimate QA Site-1] INFO  com.autogrid.utils.Config -- selenium.grid.urlFormat=http://localhost:4444/wd/hub
2033 [TestNG-test-Verify Ultimate QA Site-1] INFO  com.autogrid.utils.Config -- browser=Chrome
2033 [TestNG-test-Verify Ultimate QA Site-1] INFO  com.autogrid.utils.Config -- selenium.grid.enabled=false
2033 [TestNG-test-Verify Ultimate QA Site-1] INFO  com.autogrid.utils.Config -- flightReservation.url=https://d1uh9e7cu07ukd.cloudfront.net/selenium-docker/reservation-app/index.html
2033 [TestNG-test-Verify Ultimate QA Site-1] INFO  com.autogrid.utils.Config -- selenium.grid.hubHost=localhost
2033 [TestNG-test-Verify Ultimate QA Site-1] INFO  com.autogrid.utils.Config -- ---------------------------------
2039 [TestNG-test-Verify Ultimate QA Site-1] INFO  c.a.steps.FlightRegistrationPage -- Initializing WebDriver & launching Chrome Locally
4335 [TestNG-test-Verify Ultimate QA Site-1] INFO  c.a.steps.FlightRegistrationPage -- Launching site: https://d1uh9e7cu07ukd.cloudfront.net/selenium-docker/reservation-app/index.html
9691 [TestNG-test-Verify Ultimate QA Site-1] INFO  c.a.steps.FlightRegistrationPage -- Site Logo is Displayed
9723 [TestNG-test-Verify Ultimate QA Site-1] INFO  c.a.steps.FlightRegistrationPage -- Site Header is Present
9755 [TestNG-test-Verify Ultimate QA Site-1] INFO  c.a.steps.FlightRegistrationPage -- Site Description is Present
9755 [TestNG-test-Verify Ultimate QA Site-1] INFO  c.a.steps.FlightRegistrationPage -- Tearing down the WebDriver.
10040 [TestNG-test-Verify Ultimate QA Site-1] INFO  c.a.steps.FlightRegistrationPage -- WebDriver closed successfully.
10051 [TestNG-test-Verify Ultimate QA Site-1] INFO  c.a.steps.FlightRegistrationPage -- WebDriver Killed successfully on win.
10064 [TestNG-test-Verify Ultimate QA Site-1] INFO  com.autogrid.utils.ResourceLoader -- The data is read from location: src/test/resources/test-data/flight-cust-reg-data/cust-data.json
10068 [TestNG-test-Verify Ultimate QA Site-1] INFO  com.autogrid.hooks.Hooks -- Test Data has been Loaded from: src/test/resources/test-data/flight-cust-reg-data/cust-data.json
10068 [TestNG-test-Verify Ultimate QA Site-1] INFO  c.a.steps.FlightRegistrationPage -- Setting up the WebDriver
10068 [TestNG-test-Verify Ultimate QA Site-1] INFO  com.autogrid.utils.ResourceLoader -- The data is read from location: config/project.properties
10068 [TestNG-test-Verify Ultimate QA Site-1] INFO  com.autogrid.utils.Config -- Test properties are:
10068 [TestNG-test-Verify Ultimate QA Site-1] INFO  com.autogrid.utils.Config -- ---------------------------------
10068 [TestNG-test-Verify Ultimate QA Site-1] INFO  com.autogrid.utils.Config -- selenium.grid.urlFormat=http://localhost:4444/wd/hub
10068 [TestNG-test-Verify Ultimate QA Site-1] INFO  com.autogrid.utils.Config -- browser=Chrome
10068 [TestNG-test-Verify Ultimate QA Site-1] INFO  com.autogrid.utils.Config -- selenium.grid.enabled=false
10068 [TestNG-test-Verify Ultimate QA Site-1] INFO  com.autogrid.utils.Config -- flightReservation.url=https://d1uh9e7cu07ukd.cloudfront.net/selenium-docker/reservation-app/index.html
10068 [TestNG-test-Verify Ultimate QA Site-1] INFO  com.autogrid.utils.Config -- selenium.grid.hubHost=localhost
10068 [TestNG-test-Verify Ultimate QA Site-1] INFO  com.autogrid.utils.Config -- ---------------------------------
10068 [TestNG-test-Verify Ultimate QA Site-1] INFO  c.a.steps.FlightRegistrationPage -- Initializing WebDriver & launching Chrome Locally
13913 [TestNG-test-Verify Ultimate QA Site-1] INFO  c.a.steps.FlightRegistrationPage -- Launching site: https://d1uh9e7cu07ukd.cloudfront.net/selenium-docker/reservation-app/index.html
20312 [TestNG-test-Verify Ultimate QA Site-1] INFO  c.a.steps.FlightRegistrationPage -- Customer First & Last Name has been provided
20862 [TestNG-test-Verify Ultimate QA Site-1] INFO  c.a.steps.FlightRegistrationPage -- Customer Email & Pwd has been taken
21820 [TestNG-test-Verify Ultimate QA Site-1] INFO  c.a.steps.FlightRegistrationPage -- Customer Address has been Entered
21954 [TestNG-test-Verify Ultimate QA Site-1] INFO  c.a.steps.FlightRegistrationPage -- Customer Registration Completed
21954 [TestNG-test-Verify Ultimate QA Site-1] INFO  c.a.steps.FlightRegistrationPage -- Tearing down the WebDriver.
22223 [TestNG-test-Verify Ultimate QA Site-1] INFO  c.a.steps.FlightRegistrationPage -- WebDriver closed successfully.
22223 [TestNG-test-Verify Ultimate QA Site-1] INFO  c.a.steps.FlightRegistrationPage -- WebDriver Killed successfully on win.
828  [main] INFO  org.testng.internal.Utils -- [TestNG] Running:
  C:\Users\mdsai\eclipse-workspace\testPlace\E2E_Automation_withGrids\testng.xml

1859 [TestNG-test-Verify Ultimate QA Site-1] INFO  com.autogrid.utils.ResourceLoader -- The data is read from location: src/test/resources/test-data/flight-cust-reg-data/cust-data.json
1927 [TestNG-test-Verify Ultimate QA Site-1] INFO  com.autogrid.hooks.Hooks -- Test Data has been Loaded from: src/test/resources/test-data/flight-cust-reg-data/cust-data.json
1931 [TestNG-test-Verify Ultimate QA Site-1] INFO  c.a.steps.FlightRegistrationPage -- Setting up the WebDriver
1931 [TestNG-test-Verify Ultimate QA Site-1] INFO  com.autogrid.utils.ResourceLoader -- The data is read from location: config/project.properties
1932 [TestNG-test-Verify Ultimate QA Site-1] INFO  com.autogrid.utils.Config -- Test properties are:
1933 [TestNG-test-Verify Ultimate QA Site-1] INFO  com.autogrid.utils.Config -- ---------------------------------
1933 [TestNG-test-Verify Ultimate QA Site-1] INFO  com.autogrid.utils.Config -- selenium.grid.urlFormat=http://localhost:4444/wd/hub
1933 [TestNG-test-Verify Ultimate QA Site-1] INFO  com.autogrid.utils.Config -- browser=Chrome
1933 [TestNG-test-Verify Ultimate QA Site-1] INFO  com.autogrid.utils.Config -- selenium.grid.enabled=false
1933 [TestNG-test-Verify Ultimate QA Site-1] INFO  com.autogrid.utils.Config -- flightReservation.url=https://d1uh9e7cu07ukd.cloudfront.net/selenium-docker/reservation-app/index.html
1933 [TestNG-test-Verify Ultimate QA Site-1] INFO  com.autogrid.utils.Config -- selenium.grid.hubHost=localhost
1933 [TestNG-test-Verify Ultimate QA Site-1] INFO  com.autogrid.utils.Config -- ---------------------------------
1939 [TestNG-test-Verify Ultimate QA Site-1] INFO  c.a.steps.FlightRegistrationPage -- Initializing WebDriver & launching Chrome Locally
4538 [TestNG-test-Verify Ultimate QA Site-1] INFO  c.a.steps.FlightRegistrationPage -- Launching site: https://d1uh9e7cu07ukd.cloudfront.net/selenium-docker/reservation-app/index.html
9216 [TestNG-test-Verify Ultimate QA Site-1] INFO  c.a.steps.FlightRegistrationPage -- Site Logo is Displayed
9280 [TestNG-test-Verify Ultimate QA Site-1] INFO  c.a.steps.FlightRegistrationPage -- Site Header is Present
9338 [TestNG-test-Verify Ultimate QA Site-1] INFO  c.a.steps.FlightRegistrationPage -- Site Description is Present
9339 [TestNG-test-Verify Ultimate QA Site-1] INFO  c.a.steps.FlightRegistrationPage -- Tearing down the WebDriver.
9814 [TestNG-test-Verify Ultimate QA Site-1] INFO  c.a.steps.FlightRegistrationPage -- WebDriver closed successfully.
9814 [TestNG-test-Verify Ultimate QA Site-1] INFO  c.a.steps.FlightRegistrationPage -- WebDriver Killed successfully on win.
9840 [TestNG-test-Verify Ultimate QA Site-1] INFO  com.autogrid.utils.ResourceLoader -- The data is read from location: src/test/resources/test-data/flight-cust-reg-data/cust-data.json
9840 [TestNG-test-Verify Ultimate QA Site-1] INFO  com.autogrid.hooks.Hooks -- Test Data has been Loaded from: src/test/resources/test-data/flight-cust-reg-data/cust-data.json
9840 [TestNG-test-Verify Ultimate QA Site-1] INFO  c.a.steps.FlightRegistrationPage -- Setting up the WebDriver
9840 [TestNG-test-Verify Ultimate QA Site-1] INFO  com.autogrid.utils.ResourceLoader -- The data is read from location: config/project.properties
9840 [TestNG-test-Verify Ultimate QA Site-1] INFO  com.autogrid.utils.Config -- Test properties are:
9840 [TestNG-test-Verify Ultimate QA Site-1] INFO  com.autogrid.utils.Config -- ---------------------------------
9840 [TestNG-test-Verify Ultimate QA Site-1] INFO  com.autogrid.utils.Config -- selenium.grid.urlFormat=http://localhost:4444/wd/hub
9840 [TestNG-test-Verify Ultimate QA Site-1] INFO  com.autogrid.utils.Config -- browser=Chrome
9840 [TestNG-test-Verify Ultimate QA Site-1] INFO  com.autogrid.utils.Config -- selenium.grid.enabled=false
9840 [TestNG-test-Verify Ultimate QA Site-1] INFO  com.autogrid.utils.Config -- flightReservation.url=https://d1uh9e7cu07ukd.cloudfront.net/selenium-docker/reservation-app/index.html
9840 [TestNG-test-Verify Ultimate QA Site-1] INFO  com.autogrid.utils.Config -- selenium.grid.hubHost=localhost
9840 [TestNG-test-Verify Ultimate QA Site-1] INFO  com.autogrid.utils.Config -- ---------------------------------
9840 [TestNG-test-Verify Ultimate QA Site-1] INFO  c.a.steps.FlightRegistrationPage -- Initializing WebDriver & launching Chrome Locally
12204 [TestNG-test-Verify Ultimate QA Site-1] INFO  c.a.steps.FlightRegistrationPage -- Launching site: https://d1uh9e7cu07ukd.cloudfront.net/selenium-docker/reservation-app/index.html
20599 [TestNG-test-Verify Ultimate QA Site-1] INFO  c.a.steps.FlightRegistrationPage -- Customer First & Last Name has been provided
21110 [TestNG-test-Verify Ultimate QA Site-1] INFO  c.a.steps.FlightRegistrationPage -- Customer Email & Pwd has been taken
22171 [TestNG-test-Verify Ultimate QA Site-1] INFO  c.a.steps.FlightRegistrationPage -- Customer Address has been Entered
22290 [TestNG-test-Verify Ultimate QA Site-1] INFO  c.a.steps.FlightRegistrationPage -- Customer Registration Completed
22290 [TestNG-test-Verify Ultimate QA Site-1] INFO  c.a.steps.FlightRegistrationPage -- Tearing down the WebDriver.
22800 [TestNG-test-Verify Ultimate QA Site-1] INFO  c.a.steps.FlightRegistrationPage -- WebDriver closed successfully.
22800 [TestNG-test-Verify Ultimate QA Site-1] INFO  c.a.steps.FlightRegistrationPage -- WebDriver Killed successfully on win.
